Archive member included to satisfy reference by file (symbol)

/Applications/ARM/bin/../lib/gcc/arm-none-eabi/10.3.1/../../../../arm-none-eabi/lib/thumb/v7e-m+fp/hard/libc_nano.a(lib_a-ctype_.o)
                              _build/nrf52840_xxaa/nrf_log_str_formatter.c.o (_ctype_)
/Applications/ARM/bin/../lib/gcc/arm-none-eabi/10.3.1/../../../../arm-none-eabi/lib/thumb/v7e-m+fp/hard/libc_nano.a(lib_a-exit.o)
                              /Applications/ARM/bin/../lib/gcc/arm-none-eabi/10.3.1/../../../../arm-none-eabi/lib/thumb/v7e-m+fp/hard/crt0.o (exit)
/Applications/ARM/bin/../lib/gcc/arm-none-eabi/10.3.1/../../../../arm-none-eabi/lib/thumb/v7e-m+fp/hard/libc_nano.a(lib_a-impure.o)
                              /Applications/ARM/bin/../lib/gcc/arm-none-eabi/10.3.1/../../../../arm-none-eabi/lib/thumb/v7e-m+fp/hard/libc_nano.a(lib_a-exit.o) (_global_impure_ptr)
/Applications/ARM/bin/../lib/gcc/arm-none-eabi/10.3.1/../../../../arm-none-eabi/lib/thumb/v7e-m+fp/hard/libc_nano.a(lib_a-init.o)
                              /Applications/ARM/bin/../lib/gcc/arm-none-eabi/10.3.1/../../../../arm-none-eabi/lib/thumb/v7e-m+fp/hard/crt0.o (__libc_init_array)
/Applications/ARM/bin/../lib/gcc/arm-none-eabi/10.3.1/../../../../arm-none-eabi/lib/thumb/v7e-m+fp/hard/libc_nano.a(lib_a-memcpy-stub.o)
                              _build/nrf52840_xxaa/nrf_log_frontend.c.o (memcpy)
/Applications/ARM/bin/../lib/gcc/arm-none-eabi/10.3.1/../../../../arm-none-eabi/lib/thumb/v7e-m+fp/hard/libc_nano.a(lib_a-memset.o)
                              /Applications/ARM/bin/../lib/gcc/arm-none-eabi/10.3.1/../../../../arm-none-eabi/lib/thumb/v7e-m+fp/hard/crt0.o (memset)
/Applications/ARM/bin/../lib/gcc/arm-none-eabi/10.3.1/../../../../arm-none-eabi/lib/thumb/v7e-m+fp/hard/libc_nano.a(lib_a-strcpy.o)
                              _build/nrf52840_xxaa/SEGGER_RTT.c.o (strcpy)
/Applications/ARM/bin/../lib/gcc/arm-none-eabi/10.3.1/../../../../arm-none-eabi/lib/thumb/v7e-m+fp/hard/libc_nano.a(lib_a-strlen.o)
                              _build/nrf52840_xxaa/nrf_log_frontend.c.o (strlen)
/Applications/ARM/bin/../lib/gcc/arm-none-eabi/10.3.1/../../../../arm-none-eabi/lib/thumb/v7e-m+fp/hard/libnosys.a(_exit.o)
                              /Applications/ARM/bin/../lib/gcc/arm-none-eabi/10.3.1/../../../../arm-none-eabi/lib/thumb/v7e-m+fp/hard/libc_nano.a(lib_a-exit.o) (_exit)

Discarded input sections

 .text          0x0000000000000000        0x0 /Applications/ARM/bin/../lib/gcc/arm-none-eabi/10.3.1/thumb/v7e-m+fp/hard/crti.o
 .data          0x0000000000000000        0x0 /Applications/ARM/bin/../lib/gcc/arm-none-eabi/10.3.1/thumb/v7e-m+fp/hard/crti.o
 .bss           0x0000000000000000        0x0 /Applications/ARM/bin/../lib/gcc/arm-none-eabi/10.3.1/thumb/v7e-m+fp/hard/crti.o
 .data          0x0000000000000000        0x4 /Applications/ARM/bin/../lib/gcc/arm-none-eabi/10.3.1/thumb/v7e-m+fp/hard/crtbegin.o
 .rodata        0x0000000000000000       0x24 /Applications/ARM/bin/../lib/gcc/arm-none-eabi/10.3.1/thumb/v7e-m+fp/hard/crtbegin.o
 .data          0x0000000000000000        0x0 /Applications/ARM/bin/../lib/gcc/arm-none-eabi/10.3.1/../../../../arm-none-eabi/lib/thumb/v7e-m+fp/hard/crt0.o
 .bss           0x0000000000000000        0x0 /Applications/ARM/bin/../lib/gcc/arm-none-eabi/10.3.1/../../../../arm-none-eabi/lib/thumb/v7e-m+fp/hard/crt0.o
 .ARM.extab     0x0000000000000000        0x0 /Applications/ARM/bin/../lib/gcc/arm-none-eabi/10.3.1/../../../../arm-none-eabi/lib/thumb/v7e-m+fp/hard/crt0.o
 .data          0x0000000000000000        0x0 _build/nrf52840_xxaa/gcc_startup_nrf52840.S.o
 .bss           0x0000000000000000        0x0 _build/nrf52840_xxaa/gcc_startup_nrf52840.S.o
 .group         0x0000000000000000        0xc _build/nrf52840_xxaa/nrf_log_backend_rtt.c.o
 .group         0x0000000000000000        0xc _build/nrf52840_xxaa/nrf_log_backend_rtt.c.o
 .group         0x0000000000000000        0xc _build/nrf52840_xxaa/nrf_log_backend_rtt.c.o
 .group         0x0000000000000000        0xc _build/nrf52840_xxaa/nrf_log_backend_rtt.c.o
 .group         0x0000000000000000        0xc _build/nrf52840_xxaa/nrf_log_backend_rtt.c.o
 .group         0x0000000000000000        0xc _build/nrf52840_xxaa/nrf_log_backend_rtt.c.o
 .group         0x0000000000000000        0xc _build/nrf52840_xxaa/nrf_log_backend_rtt.c.o
 .group         0x0000000000000000        0xc _build/nrf52840_xxaa/nrf_log_backend_rtt.c.o
 .group         0x0000000000000000        0xc _build/nrf52840_xxaa/nrf_log_backend_rtt.c.o
 .group         0x0000000000000000        0xc _build/nrf52840_xxaa/nrf_log_backend_rtt.c.o
 .group         0x0000000000000000        0xc _build/nrf52840_xxaa/nrf_log_backend_rtt.c.o
 .group         0x0000000000000000        0xc _build/nrf52840_xxaa/nrf_log_backend_rtt.c.o
 .group         0x0000000000000000        0xc _build/nrf52840_xxaa/nrf_log_backend_rtt.c.o
 .group         0x0000000000000000        0xc _build/nrf52840_xxaa/nrf_log_backend_rtt.c.o
[...]
Memory Configuration

Name             Origin             Length             Attributes
FLASH            0x0000000000000000 0x0000000000100000 xr
RAM              0x0000000020000000 0x0000000000040000 xrw
*default*        0x0000000000000000 0xffffffffffffffff

Linker script and memory map


.text           0x0000000000000000     0x39d0
 *(.isr_vector)
 .isr_vector    0x0000000000000000      0x200 _build/nrf52840_xxaa/gcc_startup_nrf52840.S.o
                0x0000000000000000                __isr_vector
 *(.text*)
 .text          0x0000000000000200       0x40 /Applications/ARM/bin/../lib/gcc/arm-none-eabi/10.3.1/thumb/v7e-m+fp/hard/crtbegin.o
 .text          0x0000000000000240       0x7c /Applications/ARM/bin/../lib/gcc/arm-none-eabi/10.3.1/../../../../arm-none-eabi/lib/thumb/v7e-m+fp/hard/crt0.o
                0x0000000000000240                _stack_init
                0x0000000000000248                _mainCRTStartup
                0x0000000000000248                _start
 .text          0x00000000000002bc       0x3c _build/nrf52840_xxaa/gcc_startup_nrf52840.S.o
                0x00000000000002bc                Reset_Handler
                0x00000000000002e4                NMI_Handler
                0x00000000000002e6                HardFault_Handler
                0x00000000000002e8                MemoryManagement_Handler
                0x00000000000002ea                BusFault_Handler
                0x00000000000002ec                UsageFault_Handler
                0x00000000000002ee                SVC_Handler
                0x00000000000002f0                DebugMon_Handler
                0x00000000000002f2                PendSV_Handler
                0x00000000000002f4                SysTick_Handler
                0x00000000000002f6                PWM3_IRQHandler
                0x00000000000002f6                FPU_IRQHandler
                0x00000000000002f6                USBD_IRQHandler
                0x00000000000002f6                SPIM0_SPIS0_TWIM0_TWIS0_SPI0_TWI0_IRQHandler
                0x00000000000002f6                TIMER4_IRQHandler
                0x00000000000002f6                CRYPTOCELL_IRQHandler
                0x00000000000002f6                I2S_IRQHandler
                0x00000000000002f6                SWI4_EGU4_IRQHandler
                0x00000000000002f6                TIMER0_IRQHandler
                0x00000000000002f6                UARTE1_IRQHandler
                0x00000000000002f6                TIMER1_IRQHandler
                0x00000000000002f6                SPIM3_IRQHandler
                0x00000000000002f6                PWM2_IRQHandler
                0x00000000000002f6                ECB_IRQHandler
                0x00000000000002f6                SPIM1_SPIS1_TWIM1_TWIS1_SPI1_TWI1_IRQHandler
                0x00000000000002f6                Default_Handler
                0x00000000000002f6                SAADC_IRQHandler
                0x00000000000002f6                CCM_AAR_IRQHandler
                0x00000000000002f6                WDT_IRQHandler
                0x00000000000002f6                SWI5_EGU5_IRQHandler
                0x00000000000002f6                RNG_IRQHandler
                0x00000000000002f6                RTC2_IRQHandler
                0x00000000000002f6                PWM0_IRQHandler
                0x00000000000002f6                SWI3_EGU3_IRQHandler
                0x00000000000002f6                RTC1_IRQHandler
                0x00000000000002f6                SWI1_EGU1_IRQHandler
                0x00000000000002f6                SPIM2_SPIS2_SPI2_IRQHandler
                0x00000000000002f6                NFCT_IRQHandler
                0x00000000000002f6                MWU_IRQHandler
                0x00000000000002f6                QSPI_IRQHandler
                0x00000000000002f6                TIMER2_IRQHandler
                0x00000000000002f6                COMP_LPCOMP_IRQHandler
                0x00000000000002f6                RTC0_IRQHandler
                0x00000000000002f6                SWI2_EGU2_IRQHandler
                0x00000000000002f6                GPIOTE_IRQHandler
                0x00000000000002f6                PWM1_IRQHandler
                0x00000000000002f6                POWER_CLOCK_IRQHandler
                0x00000000000002f6                PDM_IRQHandler
                0x00000000000002f6                TEMP_IRQHandler
                0x00000000000002f6                QDEC_IRQHandler
                0x00000000000002f6                TIMER3_IRQHandler
 .text.nrf_log_backend_serial_put
                0x00000000000002f8       0xd8 _build/nrf52840_xxaa/nrf_log_backend_serial.c.o
                0x00000000000002f8                nrf_log_backend_serial_put
 .text.uart_evt_handler
                0x00000000000003d0        0xc _build/nrf52840_xxaa/nrf_log_backend_uart.c.o
 .text.nrf_log_backend_uart_flush
                0x00000000000003dc        0x4 _build/nrf52840_xxaa/nrf_log_backend_uart.c.o
 .text.nrf_log_backend_uart_put
                0x00000000000003e0       0x20 _build/nrf52840_xxaa/nrf_log_backend_uart.c.o
 .text.serial_tx
                0x0000000000000400       0x50 _build/nrf52840_xxaa/nrf_log_backend_uart.c.o
 .text.nrf_log_backend_uart_panic_set
                0x0000000000000450       0x68 _build/nrf52840_xxaa/nrf_log_backend_uart.c.o
 .text.nrf_log_backend_uart_init
                0x00000000000004b8       0x50 _build/nrf52840_xxaa/nrf_log_backend_uart.c.o
                0x00000000000004b8                nrf_log_backend_uart_init
 .text.nrf_log_default_backends_init
                0x0000000000000508       0x20 _build/nrf52840_xxaa/nrf_log_default_backends.c.o
                0x0000000000000508                nrf_log_default_backends_init
 .text.log_skip
                0x0000000000000528       0xcc _build/nrf52840_xxaa/nrf_log_frontend.c.o
 .text.nrf_log_init
                0x00000000000005f4       0x28 _build/nrf52840_xxaa/nrf_log_frontend.c.o
                0x00000000000005f4                nrf_log_init
 .text.nrf_log_module_name_get
                0x000000000000061c       0x48 _build/nrf52840_xxaa/nrf_log_frontend.c.o
                0x000000000000061c                nrf_log_module_name_get
 .text.nrf_log_color_id_get
                0x0000000000000664       0x2c _build/nrf52840_xxaa/nrf_log_frontend.c.o
                0x0000000000000664                nrf_log_color_id_get
 .text.log_pending_hook
                0x0000000000000690        0x4 _build/nrf52840_xxaa/nrf_log_frontend.c.o
                0x0000000000000690                log_pending_hook
 .text.nrf_log_frontend_dequeue
                0x0000000000000694      0x258 _build/nrf52840_xxaa/nrf_log_frontend.c.o
                0x0000000000000694                nrf_log_frontend_dequeue
 .text.nrf_log_frontend_std_0
                0x00000000000008ec       0xb4 _build/nrf52840_xxaa/nrf_log_frontend.c.o
                0x00000000000008ec                nrf_log_frontend_std_0
 .text.nrf_log_backend_add
                0x00000000000009a0       0x5c _build/nrf52840_xxaa/nrf_log_frontend.c.o
                0x00000000000009a0                nrf_log_backend_add
 .text.nrf_log_panic
                0x00000000000009fc       0x28 _build/nrf52840_xxaa/nrf_log_frontend.c.o
                0x00000000000009fc                nrf_log_panic
 .text.prefix_process
                0x0000000000000a24       0x84 _build/nrf52840_xxaa/nrf_log_str_formatter.c.o
 .text.nrf_log_std_entry_process
                0x0000000000000aa8       0xec _build/nrf52840_xxaa/nrf_log_str_formatter.c.o
                0x0000000000000aa8                nrf_log_std_entry_process
 .text.nrf_log_hexdump_entry_process
                0x0000000000000b94      0x104 _build/nrf52840_xxaa/nrf_log_str_formatter.c.o
                0x0000000000000b94                nrf_log_hexdump_entry_process
 .text.bsp_board_init
                0x0000000000000c98       0x54 _build/nrf52840_xxaa/boards.c.o
                0x0000000000000c98                bsp_board_init
 .text.app_error_handler_bare
                0x0000000000000cec       0x20 _build/nrf52840_xxaa/app_error.c.o
                0x0000000000000cec                app_error_handler_bare
 .text.app_error_fault_handler
                0x0000000000000d0c       0x6c _build/nrf52840_xxaa/app_error_weak.c.o
                0x0000000000000d0c                app_error_fault_handler
 .text.app_util_critical_region_enter
                0x0000000000000d78       0x10 _build/nrf52840_xxaa/app_util_platform.c.o
                0x0000000000000d78                app_util_critical_region_enter
 .text.app_util_critical_region_exit
                0x0000000000000d88       0x14 _build/nrf52840_xxaa/app_util_platform.c.o
                0x0000000000000d88                app_util_critical_region_exit
 .text.nrf_atomic_u32_fetch_store
                0x0000000000000d9c       0x14 _build/nrf52840_xxaa/nrf_atomic.c.o
                0x0000000000000d9c                nrf_atomic_u32_fetch_store
 .text.nrf_atomic_u32_add
                0x0000000000000db0       0x18 _build/nrf52840_xxaa/nrf_atomic.c.o
                0x0000000000000db0                nrf_atomic_u32_add
 .text.nrf_atomic_u32_sub
                0x0000000000000dc8       0x18 _build/nrf52840_xxaa/nrf_atomic.c.o
                0x0000000000000dc8                nrf_atomic_u32_sub
 .text.nrf_atomic_flag_set
                0x0000000000000de0       0x18 _build/nrf52840_xxaa/nrf_atomic.c.o
                0x0000000000000de0                nrf_atomic_flag_set
 .text.nrf_atomic_flag_clear_fetch
                0x0000000000000df8       0x18 _build/nrf52840_xxaa/nrf_atomic.c.o
                0x0000000000000df8                nrf_atomic_flag_clear_fetch
 .text.nrf_balloc_init
                0x0000000000000e10       0x3c _build/nrf52840_xxaa/nrf_balloc.c.o
                0x0000000000000e10                nrf_balloc_init
 .text.nrf_balloc_alloc
                0x0000000000000e4c       0x4c _build/nrf52840_xxaa/nrf_balloc.c.o
                0x0000000000000e4c                nrf_balloc_alloc
 .text.nrf_balloc_free
                0x0000000000000e98       0x2c _build/nrf52840_xxaa/nrf_balloc.c.o
                0x0000000000000e98                nrf_balloc_free
 .text.nrf_fprintf_buffer_flush
                0x0000000000000ec4       0x18 _build/nrf52840_xxaa/nrf_fprintf.c.o
                0x0000000000000ec4                nrf_fprintf_buffer_flush
 .text.nrf_fprintf
                0x0000000000000edc       0x20 _build/nrf52840_xxaa/nrf_fprintf.c.o
                0x0000000000000edc                nrf_fprintf
 .text.unsigned_print
                0x0000000000000efc      0x160 _build/nrf52840_xxaa/nrf_fprintf_format.c.o
 .text.nrf_fprintf_fmt
                0x000000000000105c      0x584 _build/nrf52840_xxaa/nrf_fprintf_format.c.o
                0x000000000000105c                nrf_fprintf_fmt
 .text.nrf_memobj_pool_init
                0x00000000000015e0        0x4 _build/nrf52840_xxaa/nrf_memobj.c.o
                0x00000000000015e0                nrf_memobj_pool_init
 .text.nrf_memobj_alloc
                0x00000000000015e4       0x94 _build/nrf52840_xxaa/nrf_memobj.c.o
                0x00000000000015e4                nrf_memobj_alloc
 .text.nrf_memobj_get
                0x0000000000001678        0x8 _build/nrf52840_xxaa/nrf_memobj.c.o
                0x0000000000001678                nrf_memobj_get
 .text.nrf_memobj_put
                0x0000000000001680       0x58 _build/nrf52840_xxaa/nrf_memobj.c.o
                0x0000000000001680                nrf_memobj_put
 .text.nrf_memobj_write
                0x00000000000016d8       0x68 _build/nrf52840_xxaa/nrf_memobj.c.o
                0x00000000000016d8                nrf_memobj_write
 .text.nrf_memobj_read
                0x0000000000001740       0x68 _build/nrf52840_xxaa/nrf_memobj.c.o
                0x0000000000001740                nrf_memobj_read
 .text.nrf_ringbuf_init
                0x00000000000017a8       0x1c _build/nrf52840_xxaa/nrf_ringbuf.c.o
                0x00000000000017a8                nrf_ringbuf_init
 .text.uarte_evt_handler
                0x00000000000017c4       0x34 _build/nrf52840_xxaa/nrf_drv_uart.c.o
 .text.uart_evt_handler
                0x00000000000017f8       0x34 _build/nrf52840_xxaa/nrf_drv_uart.c.o
 .text.nrf_drv_uart_init
                0x000000000000182c       0x78 _build/nrf52840_xxaa/nrf_drv_uart.c.o
                0x000000000000182c                nrf_drv_uart_init
 .text.UARTE0_UART0_IRQHandler
                0x00000000000018a4        0xc _build/nrf52840_xxaa/nrfx_prs.c.o
                0x00000000000018a4                UARTE0_UART0_IRQHandler
 .text.nrfx_prs_acquire
                0x00000000000018b0       0x3c _build/nrf52840_xxaa/nrfx_prs.c.o
                0x00000000000018b0                nrfx_prs_acquire
 .text.nrfx_prs_release
                0x00000000000018ec       0x18 _build/nrf52840_xxaa/nrfx_prs.c.o
                0x00000000000018ec                nrfx_prs_release
 *fill*         0x0000000000001904        0x4 
 .text.nrfx_uart_0_irq_handler
                0x0000000000001908      0x1d0 _build/nrf52840_xxaa/nrfx_uart.c.o
                0x0000000000001908                nrfx_uart_0_irq_handler
 .text.nrfx_uart_init
                0x0000000000001ad8      0x1ec _build/nrf52840_xxaa/nrfx_uart.c.o
                0x0000000000001ad8                nrfx_uart_init
 .text.nrfx_uart_uninit
                0x0000000000001cc4      0x10c _build/nrf52840_xxaa/nrfx_uart.c.o
                0x0000000000001cc4                nrfx_uart_uninit
 .text.nrfx_uart_tx
                0x0000000000001dd0       0xd8 _build/nrf52840_xxaa/nrfx_uart.c.o
                0x0000000000001dd0                nrfx_uart_tx
 .text.nrfx_uarte_0_irq_handler
                0x0000000000001ea8      0x178 _build/nrf52840_xxaa/nrfx_uarte.c.o
                0x0000000000001ea8                nrfx_uarte_0_irq_handler
 .text.nrfx_uarte_init
                0x0000000000002020      0x21c _build/nrf52840_xxaa/nrfx_uarte.c.o
                0x0000000000002020                nrfx_uarte_init
 .text.nrfx_uarte_uninit
                0x000000000000223c      0x170 _build/nrf52840_xxaa/nrfx_uarte.c.o
                0x000000000000223c                nrfx_uarte_uninit
 .text.nrfx_uarte_tx
                0x00000000000023ac       0xb0 _build/nrf52840_xxaa/nrfx_uarte.c.o
                0x00000000000023ac                nrfx_uarte_tx
 .text.nrf_esb_event_handler
                0x000000000000245c       0x2c _build/nrf52840_xxaa/main.c.o
                0x000000000000245c                nrf_esb_event_handler
 .text.esb_init
                0x0000000000002488       0x74 _build/nrf52840_xxaa/main.c.o
                0x0000000000002488                esb_init
 .text.startup.main
                0x00000000000024fc      0x134 _build/nrf52840_xxaa/main.c.o
                0x00000000000024fc                main
 .text.SystemInit
                0x0000000000002630      0x25c _build/nrf52840_xxaa/system_nrf52840.c.o
                0x0000000000002630                SystemInit
 .text.update_rf_payload_format_esb_dpl
                0x000000000000288c       0x2c _build/nrf52840_xxaa/nrf_esb.c.o
 .text.update_rf_payload_format_esb
                0x00000000000028b8       0x2c _build/nrf52840_xxaa/nrf_esb.c.o
 .text.on_radio_disabled_tx
                0x00000000000028e4       0x90 _build/nrf52840_xxaa/nrf_esb.c.o
 .text.rx_fifo_push_rfbuf
                0x0000000000002974       0x9c _build/nrf52840_xxaa/nrf_esb.c.o
 .text.start_tx_transaction
                0x0000000000002a10      0x138 _build/nrf52840_xxaa/nrf_esb.c.o
 .text.on_radio_disabled_tx_wait_for_ack
                0x0000000000002b48      0x1a4 _build/nrf52840_xxaa/nrf_esb.c.o
 .text.on_radio_disabled_tx_noack
                0x0000000000002cec       0x78 _build/nrf52840_xxaa/nrf_esb.c.o
 .text.RADIO_IRQHandler
                0x0000000000002d64       0x54 _build/nrf52840_xxaa/nrf_esb.c.o
                0x0000000000002d64                RADIO_IRQHandler
 .text.nrf_esb_init
                0x0000000000002db8      0x348 _build/nrf52840_xxaa/nrf_esb.c.o
                0x0000000000002db8                nrf_esb_init
 .text.SWI0_EGU0_IRQHandler
                0x0000000000003100       0x74 _build/nrf52840_xxaa/nrf_esb.c.o
                0x0000000000003100                SWI0_EGU0_IRQHandler
 .text.nrf_esb_write_payload
                0x0000000000003174      0x1bc _build/nrf52840_xxaa/nrf_esb.c.o
                0x0000000000003174                nrf_esb_write_payload
 .text.nrf_esb_read_rx_payload
                0x0000000000003330       0x78 _build/nrf52840_xxaa/nrf_esb.c.o
                0x0000000000003330                nrf_esb_read_rx_payload
 .text.nrf_esb_start_tx
                0x00000000000033a8      0x164 _build/nrf52840_xxaa/nrf_esb.c.o
                0x00000000000033a8                nrf_esb_start_tx
 .text.nrf_esb_flush_tx
                0x000000000000350c       0x34 _build/nrf52840_xxaa/nrf_esb.c.o
                0x000000000000350c                nrf_esb_flush_tx
 .text.nrf_esb_set_base_address_0
                0x0000000000003540       0x40 _build/nrf52840_xxaa/nrf_esb.c.o
                0x0000000000003540                nrf_esb_set_base_address_0
 .text.nrf_esb_set_base_address_1
                0x0000000000003580       0x40 _build/nrf52840_xxaa/nrf_esb.c.o
                0x0000000000003580                nrf_esb_set_base_address_1
 .text.nrf_esb_set_prefixes
                0x00000000000035c0       0x64 _build/nrf52840_xxaa/nrf_esb.c.o
                0x00000000000035c0                nrf_esb_set_prefixes
 .text.exit     0x0000000000003624       0x28 /Applications/ARM/bin/../lib/gcc/arm-none-eabi/10.3.1/../../../../arm-none-eabi/lib/thumb/v7e-m+fp/hard/libc_nano.a(lib_a-exit.o)
                0x0000000000003624                exit
 .text.__libc_init_array
                0x000000000000364c       0x48 /Applications/ARM/bin/../lib/gcc/arm-none-eabi/10.3.1/../../../../arm-none-eabi/lib/thumb/v7e-m+fp/hard/libc_nano.a(lib_a-init.o)
                0x000000000000364c                __libc_init_array
 .text.memcpy   0x0000000000003694       0x1c /Applications/ARM/bin/../lib/gcc/arm-none-eabi/10.3.1/../../../../arm-none-eabi/lib/thumb/v7e-m+fp/hard/libc_nano.a(lib_a-memcpy-stub.o)
                0x0000000000003694                memcpy
 .text.memset   0x00000000000036b0       0x10 /Applications/ARM/bin/../lib/gcc/arm-none-eabi/10.3.1/../../../../arm-none-eabi/lib/thumb/v7e-m+fp/hard/libc_nano.a(lib_a-memset.o)
                0x00000000000036b0                memset
 .text          0x00000000000036c0       0x10 /Applications/ARM/bin/../lib/gcc/arm-none-eabi/10.3.1/../../../../arm-none-eabi/lib/thumb/v7e-m+fp/hard/libc_nano.a(lib_a-strlen.o)
                0x00000000000036c0                strlen
 .text._exit    0x00000000000036d0        0x4 /Applications/ARM/bin/../lib/gcc/arm-none-eabi/10.3.1/../../../../arm-none-eabi/lib/thumb/v7e-m+fp/hard/libnosys.a(_exit.o)
                0x00000000000036d0                _exit
 *(.init)
 .init          0x00000000000036d4        0x4 /Applications/ARM/bin/../lib/gcc/arm-none-eabi/10.3.1/thumb/v7e-m+fp/hard/crti.o
                0x00000000000036d4                _init
 .init          0x00000000000036d8        0x8 /Applications/ARM/bin/../lib/gcc/arm-none-eabi/10.3.1/thumb/v7e-m+fp/hard/crtn.o
 *(.fini)
 .fini          0x00000000000036e0        0x4 /Applications/ARM/bin/../lib/gcc/arm-none-eabi/10.3.1/thumb/v7e-m+fp/hard/crti.o
                0x00000000000036e0                _fini
 .fini          0x00000000000036e4        0x8 /Applications/ARM/bin/../lib/gcc/arm-none-eabi/10.3.1/thumb/v7e-m+fp/hard/crtn.o
 *crtbegin.o(.ctors)
 *crtbegin?.o(.ctors)
 *(EXCLUDE_FILE(*crtend.o *crtend?.o) .ctors)
 *(SORT_BY_NAME(.ctors.*))
 *(.ctors)
 *crtbegin.o(.dtors)
 *crtbegin?.o(.dtors)
 *(EXCLUDE_FILE(*crtend.o *crtend?.o) .dtors)
 *(SORT_BY_NAME(.dtors.*))
 *(.dtors)
 *(.rodata*)
 .rodata        0x00000000000036ec       0x20 _build/nrf52840_xxaa/nrf_log_backend_uart.c.o
 .rodata.nrf_log_backend_uart_api
                0x000000000000370c        0xc _build/nrf52840_xxaa/nrf_log_backend_uart.c.o
                0x000000000000370c                nrf_log_backend_uart_api
 .rodata.str1.4
                0x0000000000003718       0x11 _build/nrf52840_xxaa/nrf_log_default_backends.c.o
 *fill*         0x0000000000003729        0x3 
 .rodata.nrf_log_frontend_dequeue.str1.4
                0x000000000000372c       0x11 _build/nrf52840_xxaa/nrf_log_frontend.c.o
 *fill*         0x000000000000373d        0x3 
 .rodata.str1.4
                0x0000000000003740        0x4 _build/nrf52840_xxaa/nrf_log_frontend.c.o
 .rodata.m_log_push_ringbuf
                0x0000000000003744        0xc _build/nrf52840_xxaa/nrf_log_frontend.c.o
 .rodata.prefix_process.str1.4
                0x0000000000003750       0x36 _build/nrf52840_xxaa/nrf_log_str_formatter.c.o
 *fill*         0x0000000000003786        0x2 
 .rodata.nrf_log_std_entry_process.str1.4
                0x0000000000003788        0x3 _build/nrf52840_xxaa/nrf_log_str_formatter.c.o
 *fill*         0x000000000000378b        0x1 
 .rodata.nrf_log_hexdump_entry_process.str1.4
                0x000000000000378c       0x13 _build/nrf52840_xxaa/nrf_log_str_formatter.c.o
                                         0x16 (size before relaxing)
 *fill*         0x000000000000379f        0x1 
 .rodata.str1.4
                0x00000000000037a0       0x56 _build/nrf52840_xxaa/nrf_log_str_formatter.c.o
 *fill*         0x00000000000037f6        0x2 
 .rodata.m_colors
                0x00000000000037f8       0x24 _build/nrf52840_xxaa/nrf_log_str_formatter.c.o
 .rodata.severity_names
                0x000000000000381c       0x14 _build/nrf52840_xxaa/nrf_log_str_formatter.c.o
 .rodata.app_error_fault_handler.str1.4
                0x0000000000003830       0x19 _build/nrf52840_xxaa/app_error_weak.c.o
 *fill*         0x0000000000003849        0x3 
 .rodata._aV2C.0
                0x000000000000384c       0x10 _build/nrf52840_xxaa/nrf_fprintf_format.c.o
 .rodata.str1.4
                0x000000000000385c        0x4 _build/nrf52840_xxaa/nrfx_prs.c.o
 .rodata.str1.4
                0x0000000000003860        0x5 _build/nrf52840_xxaa/nrfx_uart.c.o
 *fill*         0x0000000000003865        0x3 
 .rodata.str1.4
                0x0000000000003868        0x6 _build/nrf52840_xxaa/nrfx_uarte.c.o
 *fill*         0x000000000000386e        0x2 
 .rodata.esb_init.str1.4
                0x0000000000003870        0x9 _build/nrf52840_xxaa/main.c.o
 *fill*         0x0000000000003879        0x3 
 .rodata.main.str1.4
                0x000000000000387c       0x16 _build/nrf52840_xxaa/main.c.o
 *fill*         0x0000000000003892        0x2 
 .rodata        0x0000000000003894       0x18 _build/nrf52840_xxaa/main.c.o
 *fill*         0x00000000000038ac        0x4 
 .rodata.delay_machine_code.0
                0x00000000000038b0        0x6 _build/nrf52840_xxaa/main.c.o
 *fill*         0x00000000000038b6        0x2 
 .rodata.CSWTCH.15
                0x00000000000038b8        0x6 _build/nrf52840_xxaa/system_nrf52840.c.o
 *fill*         0x00000000000038be        0x2 
 .rodata.CSWTCH.6
                0x00000000000038c0        0x6 _build/nrf52840_xxaa/system_nrf52840.c.o
 .rodata._ctype_
                0x00000000000038c6      0x101 /Applications/ARM/bin/../lib/gcc/arm-none-eabi/10.3.1/../../../../arm-none-eabi/lib/thumb/v7e-m+fp/hard/libc_nano.a(lib_a-ctype_.o)
                0x00000000000038c6                _ctype_
 *fill*         0x00000000000039c7        0x1 
 .rodata._global_impure_ptr
                0x00000000000039c8        0x4 /Applications/ARM/bin/../lib/gcc/arm-none-eabi/10.3.1/../../../../arm-none-eabi/lib/thumb/v7e-m+fp/hard/libc_nano.a(lib_a-impure.o)
                0x00000000000039c8                _global_impure_ptr
 *(.eh_frame*)
 .eh_frame      0x00000000000039cc        0x0 /Applications/ARM/bin/../lib/gcc/arm-none-eabi/10.3.1/thumb/v7e-m+fp/hard/crtbegin.o
 .eh_frame      0x00000000000039cc        0x4 /Applications/ARM/bin/../lib/gcc/arm-none-eabi/10.3.1/thumb/v7e-m+fp/hard/crtend.o

.glue_7         0x00000000000039d0        0x0
 .glue_7        0x00000000000039d0        0x0 linker stubs

.glue_7t        0x00000000000039d0        0x0
 .glue_7t       0x00000000000039d0        0x0 linker stubs

.vfp11_veneer   0x00000000000039d0        0x0
 .vfp11_veneer  0x00000000000039d0        0x0 linker stubs

.v4_bx          0x00000000000039d0        0x0
 .v4_bx         0x00000000000039d0        0x0 linker stubs

.iplt           0x00000000000039d0        0x0
 .iplt          0x00000000000039d0        0x0 /Applications/ARM/bin/../lib/gcc/arm-none-eabi/10.3.1/thumb/v7e-m+fp/hard/crtbegin.o

.mem_section_dummy_rom

.log_const_data
                0x00000000000039d0       0x20
                0x00000000000039d0                PROVIDE (__start_log_const_data = .)
 *(SORT_BY_NAME(.log_const_data*))
 .log_const_data_PRS
                0x00000000000039d0        0x8 _build/nrf52840_xxaa/nrfx_prs.c.o
                0x00000000000039d0                m_nrf_log_PRS_logs_data_const
 .log_const_data_UART
                0x00000000000039d8        0x8 _build/nrf52840_xxaa/nrfx_uart.c.o
                0x00000000000039d8                m_nrf_log_UART_logs_data_const
 .log_const_data_UARTE
                0x00000000000039e0        0x8 _build/nrf52840_xxaa/nrfx_uarte.c.o
                0x00000000000039e0                m_nrf_log_UARTE_logs_data_const
 .log_const_data_app
                0x00000000000039e8        0x8 _build/nrf52840_xxaa/nrf_log_frontend.c.o
                0x00000000000039e8                m_nrf_log_app_logs_data_const
                0x00000000000039f0                PROVIDE (__stop_log_const_data = .)

.log_backends   0x00000000000039f0       0x10
                [!provide]                        PROVIDE (__start_log_backends = .)
 *(SORT_BY_NAME(.log_backends*))
 .log_backends  0x00000000000039f0       0x10 _build/nrf52840_xxaa/nrf_log_default_backends.c.o
                [!provide]                        PROVIDE (__stop_log_backends = .)

.nrf_balloc     0x0000000000003a00       0x14
                [!provide]                        PROVIDE (__start_nrf_balloc = .)
 *(.nrf_balloc)
 .nrf_balloc    0x0000000000003a00       0x14 _build/nrf52840_xxaa/nrf_log_frontend.c.o
                0x0000000000003a00                log_mempool
                [!provide]                        PROVIDE (__stop_nrf_balloc = .)

.ARM.extab
 *(.ARM.extab* .gnu.linkonce.armextab.*)
                0x0000000000003a14                __exidx_start = .

.ARM.exidx      0x0000000000003a14        0x8
 *(.ARM.exidx* .gnu.linkonce.armexidx.*)
 .ARM.exidx     0x0000000000003a14        0x8 /Applications/ARM/bin/../lib/gcc/arm-none-eabi/10.3.1/../../../../arm-none-eabi/lib/thumb/v7e-m+fp/hard/crt0.o
                                         0x10 (size before relaxing)
                0x0000000000003a1c                __exidx_end = .

.rel.dyn        0x0000000000003a1c        0x0
 .rel.iplt      0x0000000000003a1c        0x0 /Applications/ARM/bin/../lib/gcc/arm-none-eabi/10.3.1/thumb/v7e-m+fp/hard/crtbegin.o
                0x0000000000003a1c                . = ALIGN (0x4)
                0x0000000000003a1c                __etext = .

.data           0x0000000020000000       0xc8 load address 0x0000000000003a1c
                0x0000000020000000                __data_start__ = .
 *(vtable)
 *(.data*)
 .data.m_uart   0x0000000020000000       0x14 _build/nrf52840_xxaa/nrf_log_backend_uart.c.o
                0x0000000020000000                m_uart
 .data.log_backend_cb_uart_log_backend
                0x0000000020000014        0x8 _build/nrf52840_xxaa/nrf_log_default_backends.c.o
 .data.tx_payload
                0x000000002000001c       0x25 _build/nrf52840_xxaa/main.c.o
 *fill*         0x0000000020000041        0x3 
 .data.SystemCoreClock
                0x0000000020000044        0x4 _build/nrf52840_xxaa/system_nrf52840.c.o
                0x0000000020000044                SystemCoreClock
 .data.m_esb_addr
                0x0000000020000048       0x14 _build/nrf52840_xxaa/nrf_esb.c.o
 .data.m_radio_shorts_common
                0x000000002000005c        0x4 _build/nrf52840_xxaa/nrf_esb.c.o
 .data.impure_data
                0x0000000020000060       0x60 /Applications/ARM/bin/../lib/gcc/arm-none-eabi/10.3.1/../../../../arm-none-eabi/lib/thumb/v7e-m+fp/hard/libc_nano.a(lib_a-impure.o)
                0x00000000200000c0                . = ALIGN (0x4)
                0x00000000200000c0                PROVIDE (__preinit_array_start = .)
 *(.preinit_array)
                0x00000000200000c0                PROVIDE (__preinit_array_end = .)
                0x00000000200000c0                . = ALIGN (0x4)
                0x00000000200000c0                PROVIDE (__init_array_start = .)
 *(SORT_BY_NAME(.init_array.*))
 *(.init_array)
 .init_array    0x00000000200000c0        0x4 /Applications/ARM/bin/../lib/gcc/arm-none-eabi/10.3.1/thumb/v7e-m+fp/hard/crtbegin.o
                0x00000000200000c4                PROVIDE (__init_array_end = .)
                0x00000000200000c4                . = ALIGN (0x4)
                [!provide]                        PROVIDE (__fini_array_start = .)
 *(SORT_BY_NAME(.fini_array.*))
 *(.fini_array)
 .fini_array    0x00000000200000c4        0x4 /Applications/ARM/bin/../lib/gcc/arm-none-eabi/10.3.1/thumb/v7e-m+fp/hard/crtbegin.o
                [!provide]                        PROVIDE (__fini_array_end = .)
 *(.jcr*)
                0x00000000200000c8                . = ALIGN (0x4)
                0x00000000200000c8                __data_end__ = .
LOAD /Applications/ARM/bin/../lib/gcc/arm-none-eabi/10.3.1/thumb/v7e-m+fp/hard/crti.o
LOAD /Applications/ARM/bin/../lib/gcc/arm-none-eabi/10.3.1/thumb/v7e-m+fp/hard/crtbegin.o
LOAD /Applications/ARM/bin/../lib/gcc/arm-none-eabi/10.3.1/../../../../arm-none-eabi/lib/thumb/v7e-m+fp/hard/crt0.o
LOAD _build/nrf52840_xxaa/gcc_startup_nrf52840.S.o
LOAD _build/nrf52840_xxaa/nrf_log_backend_rtt.c.o
LOAD _build/nrf52840_xxaa/nrf_log_backend_serial.c.o
LOAD _build/nrf52840_xxaa/nrf_log_backend_uart.c.o
LOAD _build/nrf52840_xxaa/nrf_log_default_backends.c.o
LOAD _build/nrf52840_xxaa/nrf_log_frontend.c.o
LOAD _build/nrf52840_xxaa/nrf_log_str_formatter.c.o
LOAD _build/nrf52840_xxaa/boards.c.o
LOAD _build/nrf52840_xxaa/app_error.c.o
LOAD _build/nrf52840_xxaa/app_error_handler_gcc.c.o
LOAD _build/nrf52840_xxaa/app_error_weak.c.o
LOAD _build/nrf52840_xxaa/app_util_platform.c.o
LOAD _build/nrf52840_xxaa/nrf_assert.c.o
LOAD _build/nrf52840_xxaa/nrf_atomic.c.o
LOAD _build/nrf52840_xxaa/nrf_balloc.c.o
LOAD _build/nrf52840_xxaa/nrf_fprintf.c.o
LOAD _build/nrf52840_xxaa/nrf_fprintf_format.c.o
LOAD _build/nrf52840_xxaa/nrf_memobj.c.o
LOAD _build/nrf52840_xxaa/nrf_ringbuf.c.o
LOAD _build/nrf52840_xxaa/nrf_strerror.c.o
LOAD _build/nrf52840_xxaa/nrf_drv_uart.c.o
LOAD _build/nrf52840_xxaa/nrfx_atomic.c.o
LOAD _build/nrf52840_xxaa/nrfx_prs.c.o
LOAD _build/nrf52840_xxaa/nrfx_uart.c.o
LOAD _build/nrf52840_xxaa/nrfx_uarte.c.o
LOAD _build/nrf52840_xxaa/main.c.o
LOAD _build/nrf52840_xxaa/SEGGER_RTT.c.o
LOAD _build/nrf52840_xxaa/SEGGER_RTT_Syscalls_GCC.c.o
LOAD _build/nrf52840_xxaa/SEGGER_RTT_printf.c.o
LOAD _build/nrf52840_xxaa/system_nrf52840.c.o
LOAD _build/nrf52840_xxaa/nrf_esb.c.o
LOAD /Applications/ARM/bin/../lib/gcc/arm-none-eabi/10.3.1/../../../../arm-none-eabi/lib/thumb/v7e-m+fp/hard/libc_nano.a
LOAD /Applications/ARM/bin/../lib/gcc/arm-none-eabi/10.3.1/../../../../arm-none-eabi/lib/thumb/v7e-m+fp/hard/libnosys.a
LOAD /Applications/ARM/bin/../lib/gcc/arm-none-eabi/10.3.1/../../../../arm-none-eabi/lib/thumb/v7e-m+fp/hard/libm.a
START GROUP
LOAD /Applications/ARM/bin/../lib/gcc/arm-none-eabi/10.3.1/thumb/v7e-m+fp/hard/libgcc.a
LOAD /Applications/ARM/bin/../lib/gcc/arm-none-eabi/10.3.1/../../../../arm-none-eabi/lib/thumb/v7e-m+fp/hard/libg_nano.a
LOAD /Applications/ARM/bin/../lib/gcc/arm-none-eabi/10.3.1/../../../../arm-none-eabi/lib/thumb/v7e-m+fp/hard/libc_nano.a
END GROUP
START GROUP
LOAD /Applications/ARM/bin/../lib/gcc/arm-none-eabi/10.3.1/thumb/v7e-m+fp/hard/libgcc.a
LOAD /Applications/ARM/bin/../lib/gcc/arm-none-eabi/10.3.1/../../../../arm-none-eabi/lib/thumb/v7e-m+fp/hard/libc_nano.a
END GROUP
LOAD /Applications/ARM/bin/../lib/gcc/arm-none-eabi/10.3.1/thumb/v7e-m+fp/hard/crtend.o
LOAD /Applications/ARM/bin/../lib/gcc/arm-none-eabi/10.3.1/thumb/v7e-m+fp/hard/crtn.o
START GROUP
LOAD /Applications/ARM/bin/../lib/gcc/arm-none-eabi/10.3.1/thumb/v7e-m+fp/hard/libgcc.a
LOAD /Applications/ARM/bin/../lib/gcc/arm-none-eabi/10.3.1/../../../../arm-none-eabi/lib/thumb/v7e-m+fp/hard/libc.a
LOAD /Applications/ARM/bin/../lib/gcc/arm-none-eabi/10.3.1/../../../../arm-none-eabi/lib/thumb/v7e-m+fp/hard/libnosys.a
END GROUP

.igot.plt       0x00000000200000c8        0x0 load address 0x0000000000003ae4
 .igot.plt      0x00000000200000c8        0x0 /Applications/ARM/bin/../lib/gcc/arm-none-eabi/10.3.1/thumb/v7e-m+fp/hard/crtbegin.o
                0x00000000200000c8                . = ALIGN (0x4)

.mem_section_dummy_ram

.log_dynamic_data
                0x00000000200000c8        0x0
                0x00000000200000c8                PROVIDE (__start_log_dynamic_data = .)
 *(SORT_BY_NAME(.log_dynamic_data*))
                [!provide]                        PROVIDE (__stop_log_dynamic_data = .)

.log_filter_data
                0x00000000200000c8        0x0
                [!provide]                        PROVIDE (__start_log_filter_data = .)
 *(SORT_BY_NAME(.log_filter_data*))
                [!provide]                        PROVIDE (__stop_log_filter_data = .)

.bss            0x00000000200000c8      0xa64 load address 0x0000000000003ae8
                0x00000000200000c8                . = ALIGN (0x4)
                0x00000000200000c8                __bss_start__ = .
 *(.bss*)
 .bss           0x00000000200000c8       0x1c /Applications/ARM/bin/../lib/gcc/arm-none-eabi/10.3.1/thumb/v7e-m+fp/hard/crtbegin.o
 .bss.m_async_mode
                0x00000000200000e4        0x1 _build/nrf52840_xxaa/nrf_log_backend_uart.c.o
 *fill*         0x00000000200000e5        0x3 
 .bss.m_string_buff
                0x00000000200000e8       0x40 _build/nrf52840_xxaa/nrf_log_backend_uart.c.o
 .bss.m_xfer_done
                0x0000000020000128        0x1 _build/nrf52840_xxaa/nrf_log_backend_uart.c.o
 *fill*         0x0000000020000129        0x3 
 .bss.log_mempool_nrf_balloc_cb
                0x000000002000012c        0x8 _build/nrf52840_xxaa/nrf_log_frontend.c.o
 .bss.log_mempool_nrf_balloc_pool_mem
                0x0000000020000134       0xc0 _build/nrf52840_xxaa/nrf_log_frontend.c.o
 .bss.log_mempool_nrf_balloc_pool_stack
                0x00000000200001f4        0x8 _build/nrf52840_xxaa/nrf_log_frontend.c.o
 .bss.m_log_data
                0x00000000200001fc      0x420 _build/nrf52840_xxaa/nrf_log_frontend.c.o
 .bss.m_log_push_ringbuf_buf
                0x000000002000061c       0x80 _build/nrf52840_xxaa/nrf_log_frontend.c.o
 .bss.m_log_push_ringbuf_cb
                0x000000002000069c       0x18 _build/nrf52840_xxaa/nrf_log_frontend.c.o
 .bss.m_in_critical_region
                0x00000000200006b4        0x4 _build/nrf52840_xxaa/app_util_platform.c.o
 .bss.m_contexts
                0x00000000200006b8        0x8 _build/nrf52840_xxaa/nrf_drv_uart.c.o
 .bss.m_handlers
                0x00000000200006c0        0x8 _build/nrf52840_xxaa/nrf_drv_uart.c.o
 .bss.nrf_drv_uart_use_easy_dma
                0x00000000200006c8        0x2 _build/nrf52840_xxaa/nrf_drv_uart.c.o
                0x00000000200006c8                nrf_drv_uart_use_easy_dma
 *fill*         0x00000000200006ca        0x2 
 .bss.m_prs_box_4
                0x00000000200006cc        0x8 _build/nrf52840_xxaa/nrfx_prs.c.o
 *fill*         0x00000000200006d4        0x4 
 .bss.m_cb      0x00000000200006d8       0x2c _build/nrf52840_xxaa/nrfx_uart.c.o
 *fill*         0x0000000020000704        0x4 
 .bss.m_cb      0x0000000020000708       0x24 _build/nrf52840_xxaa/nrfx_uarte.c.o
 .bss.rx_payload
                0x000000002000072c       0x25 _build/nrf52840_xxaa/main.c.o
 *fill*         0x0000000020000751        0x3 
 .bss.m_ack_pl_container
                0x0000000020000754       0x60 _build/nrf52840_xxaa/nrf_esb.c.o
                0x0000000020000754                m_ack_pl_container
 .bss.m_ack_pl_container_entry_point_pr_pipe
                0x00000000200007b4       0x20 _build/nrf52840_xxaa/nrf_esb.c.o
                0x00000000200007b4                m_ack_pl_container_entry_point_pr_pipe
 .bss.m_config_local
                0x00000000200007d4       0x18 _build/nrf52840_xxaa/nrf_esb.c.o
 .bss.m_esb_initialized
                0x00000000200007ec        0x1 _build/nrf52840_xxaa/nrf_esb.c.o
 *fill*         0x00000000200007ed        0x3 
 .bss.m_event_handler
                0x00000000200007f0        0x4 _build/nrf52840_xxaa/nrf_esb.c.o
 .bss.m_interrupt_flags
                0x00000000200007f4        0x4 _build/nrf52840_xxaa/nrf_esb.c.o
 .bss.m_last_tx_attempts
                0x00000000200007f8        0x4 _build/nrf52840_xxaa/nrf_esb.c.o
 .bss.m_nrf_esb_mainstate
                0x00000000200007fc        0x1 _build/nrf52840_xxaa/nrf_esb.c.o
 *fill*         0x00000000200007fd        0x3 
 .bss.m_pids    0x0000000020000800        0x8 _build/nrf52840_xxaa/nrf_esb.c.o
 .bss.m_retransmits_remaining
                0x0000000020000808        0x4 _build/nrf52840_xxaa/nrf_esb.c.o
 .bss.m_rx_fifo
                0x000000002000080c       0x2c _build/nrf52840_xxaa/nrf_esb.c.o
 .bss.m_rx_fifo_payload
                0x0000000020000838      0x128 _build/nrf52840_xxaa/nrf_esb.c.o
 .bss.m_rx_payload_buffer
                0x0000000020000960       0x22 _build/nrf52840_xxaa/nrf_esb.c.o
 *fill*         0x0000000020000982        0x2 
 .bss.m_rx_pipe_info
                0x0000000020000984       0x20 _build/nrf52840_xxaa/nrf_esb.c.o
 .bss.m_tx_fifo
                0x00000000200009a4       0x2c _build/nrf52840_xxaa/nrf_esb.c.o
 .bss.m_tx_fifo_payload
                0x00000000200009d0      0x128 _build/nrf52840_xxaa/nrf_esb.c.o
 .bss.m_tx_payload_buffer
                0x0000000020000af8       0x22 _build/nrf52840_xxaa/nrf_esb.c.o
 *fill*         0x0000000020000b1a        0x2 
 .bss.m_wait_for_ack_timeout_us
                0x0000000020000b1c        0x4 _build/nrf52840_xxaa/nrf_esb.c.o
 .bss.mp_current_payload
                0x0000000020000b20        0x4 _build/nrf52840_xxaa/nrf_esb.c.o
 .bss.on_radio_disabled
                0x0000000020000b24        0x4 _build/nrf52840_xxaa/nrf_esb.c.o
 .bss.update_rf_payload_format
                0x0000000020000b28        0x4 _build/nrf52840_xxaa/nrf_esb.c.o
 *(COMMON)
                0x0000000020000b2c                . = ALIGN (0x4)
                0x0000000020000b2c                __bss_end__ = .

.heap           0x0000000020000b30     0x2000
                0x0000000020000b30                __HeapBase = .
                0x0000000020000b30                __end__ = .
                [!provide]                        PROVIDE (end = .)
 *(.heap*)
 .heap          0x0000000020000b30     0x2000 _build/nrf52840_xxaa/gcc_startup_nrf52840.S.o
                0x0000000020002b30                __HeapLimit = .

.stack_dummy    0x0000000020000b30     0x2000
 *(.stack*)
 .stack         0x0000000020000b30     0x2000 _build/nrf52840_xxaa/gcc_startup_nrf52840.S.o
                0x0000000020040000                __StackTop = (ORIGIN (RAM) + LENGTH (RAM))
                0x000000002003e000                __StackLimit = (__StackTop - SIZEOF (.stack_dummy))
                0x0000000020040000                PROVIDE (__stack = __StackTop)
                0x0000000000000001                ASSERT ((__StackLimit >= __HeapLimit), region RAM overflowed with stack)
                0x00000000000000c8                DataInitFlashUsed = (__bss_start__ - __data_start__)
                0x0000000000003a1c                CodeFlashUsed = (__etext - ORIGIN (FLASH))
                0x0000000000003ae4                TotalFlashUsed = (CodeFlashUsed + DataInitFlashUsed)
                0x0000000000000001                ASSERT ((TotalFlashUsed <= LENGTH (FLASH)), region FLASH overflowed with .data and user data)
OUTPUT(_build/nrf52840_xxaa.out elf32-littlearm)
LOAD linker stubs

.ARM.attributes
                0x0000000000000000       0x30
 .ARM.attributes
                0x0000000000000000       0x1e /Applications/ARM/bin/../lib/gcc/arm-none-eabi/10.3.1/thumb/v7e-m+fp/hard/crti.o
 .ARM.attributes
                0x000000000000001e       0x34 /Applications/ARM/bin/../lib/gcc/arm-none-eabi/10.3.1/thumb/v7e-m+fp/hard/crtbegin.o
 .ARM.attributes
                0x0000000000000052       0x1c /Applications/ARM/bin/../lib/gcc/arm-none-eabi/10.3.1/../../../../arm-none-eabi/lib/thumb/v7e-m+fp/hard/crt0.o
 .ARM.attributes
                0x000000000000006e       0x20 _build/nrf52840_xxaa/gcc_startup_nrf52840.S.o
 .ARM.attributes
                0x000000000000008e       0x34 _build/nrf52840_xxaa/nrf_log_backend_serial.c.o
 .ARM.attributes
                0x00000000000000c2       0x34 _build/nrf52840_xxaa/nrf_log_backend_uart.c.o
 .ARM.attributes
                0x00000000000000f6       0x34 _build/nrf52840_xxaa/nrf_log_default_backends.c.o
 .ARM.attributes
                0x000000000000012a       0x34 _build/nrf52840_xxaa/nrf_log_frontend.c.o
 .ARM.attributes
                0x000000000000015e       0x34 _build/nrf52840_xxaa/nrf_log_str_formatter.c.o
 .ARM.attributes
                0x0000000000000192       0x34 _build/nrf52840_xxaa/boards.c.o
 .ARM.attributes
                0x00000000000001c6       0x34 _build/nrf52840_xxaa/app_error.c.o
 .ARM.attributes
                0x00000000000001fa       0x34 _build/nrf52840_xxaa/app_error_weak.c.o
 .ARM.attributes
                0x000000000000022e       0x34 _build/nrf52840_xxaa/app_util_platform.c.o
 .ARM.attributes
                0x0000000000000262       0x34 _build/nrf52840_xxaa/nrf_atomic.c.o
 .ARM.attributes
                0x0000000000000296       0x34 _build/nrf52840_xxaa/nrf_balloc.c.o
 .ARM.attributes
                0x00000000000002ca       0x34 _build/nrf52840_xxaa/nrf_fprintf.c.o
 .ARM.attributes
                0x00000000000002fe       0x34 _build/nrf52840_xxaa/nrf_fprintf_format.c.o
 .ARM.attributes
                0x0000000000000332       0x34 _build/nrf52840_xxaa/nrf_memobj.c.o
 .ARM.attributes
                0x0000000000000366       0x34 _build/nrf52840_xxaa/nrf_ringbuf.c.o
 .ARM.attributes
                0x000000000000039a       0x34 _build/nrf52840_xxaa/nrf_drv_uart.c.o
 .ARM.attributes
                0x00000000000003ce       0x34 _build/nrf52840_xxaa/nrfx_prs.c.o
 .ARM.attributes
                0x0000000000000402       0x34 _build/nrf52840_xxaa/nrfx_uart.c.o
 .ARM.attributes
                0x0000000000000436       0x34 _build/nrf52840_xxaa/nrfx_uarte.c.o
 .ARM.attributes
                0x000000000000046a       0x34 _build/nrf52840_xxaa/main.c.o
 .ARM.attributes
                0x000000000000049e       0x34 _build/nrf52840_xxaa/system_nrf52840.c.o
 .ARM.attributes
                0x00000000000004d2       0x34 _build/nrf52840_xxaa/nrf_esb.c.o
 .ARM.attributes
                0x0000000000000506       0x34 /Applications/ARM/bin/../lib/gcc/arm-none-eabi/10.3.1/../../../../arm-none-eabi/lib/thumb/v7e-m+fp/hard/libc_nano.a(lib_a-ctype_.o)
 .ARM.attributes
                0x000000000000053a       0x34 /Applications/ARM/bin/../lib/gcc/arm-none-eabi/10.3.1/../../../../arm-none-eabi/lib/thumb/v7e-m+fp/hard/libc_nano.a(lib_a-exit.o)
 .ARM.attributes
                0x000000000000056e       0x34 /Applications/ARM/bin/../lib/gcc/arm-none-eabi/10.3.1/../../../../arm-none-eabi/lib/thumb/v7e-m+fp/hard/libc_nano.a(lib_a-impure.o)
 .ARM.attributes
                0x00000000000005a2       0x34 /Applications/ARM/bin/../lib/gcc/arm-none-eabi/10.3.1/../../../../arm-none-eabi/lib/thumb/v7e-m+fp/hard/libc_nano.a(lib_a-init.o)
 .ARM.attributes
                0x00000000000005d6       0x34 /Applications/ARM/bin/../lib/gcc/arm-none-eabi/10.3.1/../../../../arm-none-eabi/lib/thumb/v7e-m+fp/hard/libc_nano.a(lib_a-memcpy-stub.o)
 .ARM.attributes
                0x000000000000060a       0x34 /Applications/ARM/bin/../lib/gcc/arm-none-eabi/10.3.1/../../../../arm-none-eabi/lib/thumb/v7e-m+fp/hard/libc_nano.a(lib_a-memset.o)
 .ARM.attributes
                0x000000000000063e       0x17 /Applications/ARM/bin/../lib/gcc/arm-none-eabi/10.3.1/../../../../arm-none-eabi/lib/thumb/v7e-m+fp/hard/libc_nano.a(lib_a-strlen.o)
 .ARM.attributes
                0x0000000000000655       0x34 /Applications/ARM/bin/../lib/gcc/arm-none-eabi/10.3.1/../../../../arm-none-eabi/lib/thumb/v7e-m+fp/hard/libnosys.a(_exit.o)
 .ARM.attributes
                0x0000000000000689       0x34 /Applications/ARM/bin/../lib/gcc/arm-none-eabi/10.3.1/thumb/v7e-m+fp/hard/crtend.o
 .ARM.attributes
                0x00000000000006bd       0x1e /Applications/ARM/bin/../lib/gcc/arm-none-eabi/10.3.1/thumb/v7e-m+fp/hard/crtn.o

.comment        0x0000000000000000       0x49
 .comment       0x0000000000000000       0x49 _build/nrf52840_xxaa/nrf_log_backend_serial.c.o
                                         0x4a (size before relaxing)
 .comment       0x0000000000000049       0x4a _build/nrf52840_xxaa/nrf_log_backend_uart.c.o
 .comment       0x0000000000000049       0x4a _build/nrf52840_xxaa/nrf_log_default_backends.c.o
 .comment       0x0000000000000049       0x4a _build/nrf52840_xxaa/nrf_log_frontend.c.o
 .comment       0x0000000000000049       0x4a _build/nrf52840_xxaa/nrf_log_str_formatter.c.o
 .comment       0x0000000000000049       0x4a _build/nrf52840_xxaa/boards.c.o
 .comment       0x0000000000000049       0x4a _build/nrf52840_xxaa/app_error.c.o
 .comment       0x0000000000000049       0x4a _build/nrf52840_xxaa/app_error_weak.c.o
 .comment       0x0000000000000049       0x4a _build/nrf52840_xxaa/app_util_platform.c.o
 .comment       0x0000000000000049       0x4a _build/nrf52840_xxaa/nrf_atomic.c.o
 .comment       0x0000000000000049       0x4a _build/nrf52840_xxaa/nrf_balloc.c.o
 .comment       0x0000000000000049       0x4a _build/nrf52840_xxaa/nrf_fprintf.c.o
 .comment       0x0000000000000049       0x4a _build/nrf52840_xxaa/nrf_fprintf_format.c.o
 .comment       0x0000000000000049       0x4a _build/nrf52840_xxaa/nrf_memobj.c.o
 .comment       0x0000000000000049       0x4a _build/nrf52840_xxaa/nrf_ringbuf.c.o
 .comment       0x0000000000000049       0x4a _build/nrf52840_xxaa/nrf_drv_uart.c.o
 .comment       0x0000000000000049       0x4a _build/nrf52840_xxaa/nrfx_prs.c.o
 .comment       0x0000000000000049       0x4a _build/nrf52840_xxaa/nrfx_uart.c.o
 .comment       0x0000000000000049       0x4a _build/nrf52840_xxaa/nrfx_uarte.c.o
 .comment       0x0000000000000049       0x4a _build/nrf52840_xxaa/main.c.o
 .comment       0x0000000000000049       0x4a _build/nrf52840_xxaa/system_nrf52840.c.o
 .comment       0x0000000000000049       0x4a _build/nrf52840_xxaa/nrf_esb.c.o

.debug_line     0x0000000000000000    0x15850
 .debug_line    0x0000000000000000       0xa9 _build/nrf52840_xxaa/gcc_startup_nrf52840.S.o
 .debug_line    0x00000000000000a9      0x948 _build/nrf52840_xxaa/nrf_log_backend_serial.c.o
 .debug_line    0x00000000000009f1      0xdb2 _build/nrf52840_xxaa/nrf_log_backend_uart.c.o
 .debug_line    0x00000000000017a3      0x819 _build/nrf52840_xxaa/nrf_log_default_backends.c.o
 .debug_line    0x0000000000001fbc     0x2198 _build/nrf52840_xxaa/nrf_log_frontend.c.o
 .debug_line    0x0000000000004154      0xa9e _build/nrf52840_xxaa/nrf_log_str_formatter.c.o
 .debug_line    0x0000000000004bf2     0x102e _build/nrf52840_xxaa/boards.c.o
 .debug_line    0x0000000000005c20      0x5ad _build/nrf52840_xxaa/app_error.c.o
 .debug_line    0x00000000000061cd      0x91d _build/nrf52840_xxaa/app_error_weak.c.o
 .debug_line    0x0000000000006aea      0x679 _build/nrf52840_xxaa/app_util_platform.c.o
 .debug_line    0x0000000000007163      0x8d0 _build/nrf52840_xxaa/nrf_atomic.c.o
 .debug_line    0x0000000000007a33      0x976 _build/nrf52840_xxaa/nrf_balloc.c.o
 .debug_line    0x00000000000083a9      0x59e _build/nrf52840_xxaa/nrf_fprintf.c.o
 .debug_line    0x0000000000008947      0xffa _build/nrf52840_xxaa/nrf_fprintf_format.c.o
 .debug_line    0x0000000000009941      0xc15 _build/nrf52840_xxaa/nrf_memobj.c.o
 .debug_line    0x000000000000a556      0xa18 _build/nrf52840_xxaa/nrf_ringbuf.c.o
 .debug_line    0x000000000000af6e      0x977 _build/nrf52840_xxaa/nrf_drv_uart.c.o
 .debug_line    0x000000000000b8e5      0xacf _build/nrf52840_xxaa/nrfx_prs.c.o
 .debug_line    0x000000000000c3b4     0x210c _build/nrf52840_xxaa/nrfx_uart.c.o
 .debug_line    0x000000000000e4c0     0x2067 _build/nrf52840_xxaa/nrfx_uarte.c.o
 .debug_line    0x0000000000010527     0x14e8 _build/nrf52840_xxaa/main.c.o
 .debug_line    0x0000000000011a0f      0x8c2 _build/nrf52840_xxaa/system_nrf52840.c.o
 .debug_line    0x00000000000122d1     0x357f _build/nrf52840_xxaa/nrf_esb.c.o

.debug_info     0x0000000000000000    0x196e8
 .debug_info    0x0000000000000000       0x26 _build/nrf52840_xxaa/gcc_startup_nrf52840.S.o
 .debug_info    0x0000000000000026      0x7cf _build/nrf52840_xxaa/nrf_log_backend_serial.c.o
 .debug_info    0x00000000000007f5     0x11ee _build/nrf52840_xxaa/nrf_log_backend_uart.c.o
 .debug_info    0x00000000000019e3      0x303 _build/nrf52840_xxaa/nrf_log_default_backends.c.o
 .debug_info    0x0000000000001ce6     0x3395 _build/nrf52840_xxaa/nrf_log_frontend.c.o
 .debug_info    0x000000000000507b      0x865 _build/nrf52840_xxaa/nrf_log_str_formatter.c.o
 .debug_info    0x00000000000058e0      0xef5 _build/nrf52840_xxaa/boards.c.o
 .debug_info    0x00000000000067d5      0x2c3 _build/nrf52840_xxaa/app_error.c.o
 .debug_info    0x0000000000006a98      0x4b9 _build/nrf52840_xxaa/app_error_weak.c.o
 .debug_info    0x0000000000006f51      0x82c _build/nrf52840_xxaa/app_util_platform.c.o
 .debug_info    0x000000000000777d      0xae3 _build/nrf52840_xxaa/nrf_atomic.c.o
 .debug_info    0x0000000000008260      0x3da _build/nrf52840_xxaa/nrf_balloc.c.o
 .debug_info    0x000000000000863a      0x24b _build/nrf52840_xxaa/nrf_fprintf.c.o
 .debug_info    0x0000000000008885      0xc73 _build/nrf52840_xxaa/nrf_fprintf_format.c.o
 .debug_info    0x00000000000094f8      0xb78 _build/nrf52840_xxaa/nrf_memobj.c.o
 .debug_info    0x000000000000a070      0x638 _build/nrf52840_xxaa/nrf_ringbuf.c.o
 .debug_info    0x000000000000a6a8     0x11eb _build/nrf52840_xxaa/nrf_drv_uart.c.o
 .debug_info    0x000000000000b893      0x801 _build/nrf52840_xxaa/nrfx_prs.c.o
 .debug_info    0x000000000000c094     0x394c _build/nrf52840_xxaa/nrfx_uart.c.o
 .debug_info    0x000000000000f9e0     0x38b7 _build/nrf52840_xxaa/nrfx_uarte.c.o
 .debug_info    0x0000000000013297     0x15af _build/nrf52840_xxaa/main.c.o
 .debug_info    0x0000000000014846     0x18e1 _build/nrf52840_xxaa/system_nrf52840.c.o
 .debug_info    0x0000000000016127     0x35c1 _build/nrf52840_xxaa/nrf_esb.c.o

.debug_abbrev   0x0000000000000000     0x3efd
 .debug_abbrev  0x0000000000000000       0x14 _build/nrf52840_xxaa/gcc_startup_nrf52840.S.o
 .debug_abbrev  0x0000000000000014      0x202 _build/nrf52840_xxaa/nrf_log_backend_serial.c.o
 .debug_abbrev  0x0000000000000216      0x38d _build/nrf52840_xxaa/nrf_log_backend_uart.c.o
 .debug_abbrev  0x00000000000005a3      0x190 _build/nrf52840_xxaa/nrf_log_default_backends.c.o
 .debug_abbrev  0x0000000000000733      0x5be _build/nrf52840_xxaa/nrf_log_frontend.c.o
 .debug_abbrev  0x0000000000000cf1      0x21a _build/nrf52840_xxaa/nrf_log_str_formatter.c.o
 .debug_abbrev  0x0000000000000f0b      0x345 _build/nrf52840_xxaa/boards.c.o
 .debug_abbrev  0x0000000000001250      0x13b _build/nrf52840_xxaa/app_error.c.o
 .debug_abbrev  0x000000000000138b      0x218 _build/nrf52840_xxaa/app_error_weak.c.o
 .debug_abbrev  0x00000000000015a3      0x260 _build/nrf52840_xxaa/app_util_platform.c.o
 .debug_abbrev  0x0000000000001803      0x205 _build/nrf52840_xxaa/nrf_atomic.c.o
 .debug_abbrev  0x0000000000001a08      0x1f7 _build/nrf52840_xxaa/nrf_balloc.c.o
 .debug_abbrev  0x0000000000001bff      0x143 _build/nrf52840_xxaa/nrf_fprintf.c.o
 .debug_abbrev  0x0000000000001d42      0x2d2 _build/nrf52840_xxaa/nrf_fprintf_format.c.o
 .debug_abbrev  0x0000000000002014      0x285 _build/nrf52840_xxaa/nrf_memobj.c.o
 .debug_abbrev  0x0000000000002299      0x166 _build/nrf52840_xxaa/nrf_ringbuf.c.o
 .debug_abbrev  0x00000000000023ff      0x22a _build/nrf52840_xxaa/nrf_drv_uart.c.o
 .debug_abbrev  0x0000000000002629      0x27b _build/nrf52840_xxaa/nrfx_prs.c.o
 .debug_abbrev  0x00000000000028a4      0x4f2 _build/nrf52840_xxaa/nrfx_uart.c.o
 .debug_abbrev  0x0000000000002d96      0x4b5 _build/nrf52840_xxaa/nrfx_uarte.c.o
 .debug_abbrev  0x000000000000324b      0x3e3 _build/nrf52840_xxaa/main.c.o
 .debug_abbrev  0x000000000000362e      0x321 _build/nrf52840_xxaa/system_nrf52840.c.o
 .debug_abbrev  0x000000000000394f      0x5ae _build/nrf52840_xxaa/nrf_esb.c.o

.debug_aranges  0x0000000000000000      0x778
 .debug_aranges
                0x0000000000000000       0x20 _build/nrf52840_xxaa/gcc_startup_nrf52840.S.o
 .debug_aranges
                0x0000000000000020       0x20 _build/nrf52840_xxaa/nrf_log_backend_serial.c.o
 .debug_aranges
                0x0000000000000040       0x48 _build/nrf52840_xxaa/nrf_log_backend_uart.c.o
 .debug_aranges
                0x0000000000000088       0x20 _build/nrf52840_xxaa/nrf_log_default_backends.c.o
 .debug_aranges
                0x00000000000000a8       0xc8 _build/nrf52840_xxaa/nrf_log_frontend.c.o
 .debug_aranges
                0x0000000000000170       0x38 _build/nrf52840_xxaa/nrf_log_str_formatter.c.o
 .debug_aranges
                0x00000000000001a8       0x78 _build/nrf52840_xxaa/boards.c.o
 .debug_aranges
                0x0000000000000220       0x28 _build/nrf52840_xxaa/app_error.c.o
 .debug_aranges
                0x0000000000000248       0x20 _build/nrf52840_xxaa/app_error_weak.c.o
 .debug_aranges
                0x0000000000000268       0x48 _build/nrf52840_xxaa/app_util_platform.c.o
 .debug_aranges
                0x00000000000002b0       0xb0 _build/nrf52840_xxaa/nrf_atomic.c.o
 .debug_aranges
                0x0000000000000360       0x30 _build/nrf52840_xxaa/nrf_balloc.c.o
 .debug_aranges
                0x0000000000000390       0x28 _build/nrf52840_xxaa/nrf_fprintf.c.o
 .debug_aranges
                0x00000000000003b8       0x28 _build/nrf52840_xxaa/nrf_fprintf_format.c.o
 .debug_aranges
                0x00000000000003e0       0x50 _build/nrf52840_xxaa/nrf_memobj.c.o
 .debug_aranges
                0x0000000000000430       0x50 _build/nrf52840_xxaa/nrf_ringbuf.c.o
 .debug_aranges
                0x0000000000000480       0x30 _build/nrf52840_xxaa/nrf_drv_uart.c.o
 .debug_aranges
                0x00000000000004b0       0x30 _build/nrf52840_xxaa/nrfx_prs.c.o
 .debug_aranges
                0x00000000000004e0       0x78 _build/nrf52840_xxaa/nrfx_uart.c.o
 .debug_aranges
                0x0000000000000558       0x68 _build/nrf52840_xxaa/nrfx_uarte.c.o
 .debug_aranges
                0x00000000000005c0       0x40 _build/nrf52840_xxaa/main.c.o
 .debug_aranges
                0x0000000000000600       0x38 _build/nrf52840_xxaa/system_nrf52840.c.o
 .debug_aranges
                0x0000000000000638      0x140 _build/nrf52840_xxaa/nrf_esb.c.o

.debug_str      0x0000000000000000    0x9ab25
 .debug_str     0x0000000000000000       0xb8 _build/nrf52840_xxaa/gcc_startup_nrf52840.S.o
 .debug_str     0x00000000000000b8    0x8676f _build/nrf52840_xxaa/nrf_log_backend_serial.c.o
                                      0x87ae9 (size before relaxing)
 .debug_str     0x0000000000086827     0x3fab _build/nrf52840_xxaa/nrf_log_backend_uart.c.o
                                      0x8b508 (size before relaxing)
 .debug_str     0x000000000008a7d2      0x146 _build/nrf52840_xxaa/nrf_log_default_backends.c.o
                                      0x8788b (size before relaxing)
 .debug_str     0x000000000008a918     0x14c2 _build/nrf52840_xxaa/nrf_log_frontend.c.o
                                      0x88e98 (size before relaxing)
 .debug_str     0x000000000008bdda      0x6c6 _build/nrf52840_xxaa/nrf_log_str_formatter.c.o
                                      0x87f6e (size before relaxing)
 .debug_str     0x000000000008c4a0     0x11a6 _build/nrf52840_xxaa/boards.c.o
                                      0x87c6f (size before relaxing)
 .debug_str     0x000000000008d646      0x114 _build/nrf52840_xxaa/app_error.c.o
                                      0x79e0d (size before relaxing)
 .debug_str     0x000000000008d75a       0xe2 _build/nrf52840_xxaa/app_error_weak.c.o
                                      0x87f4f (size before relaxing)
 .debug_str     0x000000000008d83c      0x40b _build/nrf52840_xxaa/app_util_platform.c.o
                                      0x7a67c (size before relaxing)
 .debug_str     0x000000000008dc47      0x6d9 _build/nrf52840_xxaa/nrf_atomic.c.o
                                      0x83b54 (size before relaxing)
 .debug_str     0x000000000008e320      0x15f _build/nrf52840_xxaa/nrf_balloc.c.o
                                      0x878ea (size before relaxing)
 .debug_str     0x000000000008e47f      0x164 _build/nrf52840_xxaa/nrf_fprintf.c.o
                                      0x83799 (size before relaxing)
 .debug_str     0x000000000008e5e3      0x531 _build/nrf52840_xxaa/nrf_fprintf_format.c.o
                                      0x83ca8 (size before relaxing)
 .debug_str     0x000000000008eb14      0x1cc _build/nrf52840_xxaa/nrf_memobj.c.o
                                      0x85c84 (size before relaxing)
 .debug_str     0x000000000008ece0       0xfc _build/nrf52840_xxaa/nrf_ringbuf.c.o
                                      0x8455b (size before relaxing)
 .debug_str     0x000000000008eddc      0x490 _build/nrf52840_xxaa/nrf_drv_uart.c.o
                                      0x87f51 (size before relaxing)
 .debug_str     0x000000000008f26c      0x642 _build/nrf52840_xxaa/nrfx_prs.c.o
                                      0x8a0b6 (size before relaxing)
 .debug_str     0x000000000008f8ae      0x782 _build/nrf52840_xxaa/nrfx_uart.c.o
                                      0x8b2cc (size before relaxing)
 .debug_str     0x0000000000090030      0x968 _build/nrf52840_xxaa/nrfx_uarte.c.o
                                      0x8b75f (size before relaxing)
 .debug_str     0x0000000000090998      0xefd _build/nrf52840_xxaa/main.c.o
                                      0x8cbf9 (size before relaxing)
 .debug_str     0x0000000000091895     0x83af _build/nrf52840_xxaa/system_nrf52840.c.o
                                      0x7ea5f (size before relaxing)
 .debug_str     0x0000000000099c44      0xee1 _build/nrf52840_xxaa/nrf_esb.c.o
                                      0x891a8 (size before relaxing)

.debug_loc      0x0000000000000000     0xe3a0
 .debug_loc     0x0000000000000000      0x1b3 _build/nrf52840_xxaa/nrf_log_backend_serial.c.o
 .debug_loc     0x00000000000001b3      0x334 _build/nrf52840_xxaa/nrf_log_backend_uart.c.o
 .debug_loc     0x00000000000004e7       0x31 _build/nrf52840_xxaa/nrf_log_default_backends.c.o
 .debug_loc     0x0000000000000518     0x3686 _build/nrf52840_xxaa/nrf_log_frontend.c.o
 .debug_loc     0x0000000000003b9e      0x45d _build/nrf52840_xxaa/nrf_log_str_formatter.c.o
 .debug_loc     0x0000000000003ffb      0xc2f _build/nrf52840_xxaa/boards.c.o
 .debug_loc     0x0000000000004c2a       0xc8 _build/nrf52840_xxaa/app_error.c.o
 .debug_loc     0x0000000000004cf2       0x6f _build/nrf52840_xxaa/app_error_weak.c.o
 .debug_loc     0x0000000000004d61      0x11a _build/nrf52840_xxaa/app_util_platform.c.o
 .debug_loc     0x0000000000004e7b      0x587 _build/nrf52840_xxaa/nrf_atomic.c.o
 .debug_loc     0x0000000000005402      0x22b _build/nrf52840_xxaa/nrf_balloc.c.o
 .debug_loc     0x000000000000562d       0x54 _build/nrf52840_xxaa/nrf_fprintf.c.o
 .debug_loc     0x0000000000005681     0x100f _build/nrf52840_xxaa/nrf_fprintf_format.c.o
 .debug_loc     0x0000000000006690      0xfa8 _build/nrf52840_xxaa/nrf_memobj.c.o
 .debug_loc     0x0000000000007638      0x6c0 _build/nrf52840_xxaa/nrf_ringbuf.c.o
 .debug_loc     0x0000000000007cf8      0x1d6 _build/nrf52840_xxaa/nrf_drv_uart.c.o
 .debug_loc     0x0000000000007ece      0x10e _build/nrf52840_xxaa/nrfx_prs.c.o
 .debug_loc     0x0000000000007fdc     0x1f97 _build/nrf52840_xxaa/nrfx_uart.c.o
 .debug_loc     0x0000000000009f73     0x2058 _build/nrf52840_xxaa/nrfx_uarte.c.o
 .debug_loc     0x000000000000bfcb      0xba4 _build/nrf52840_xxaa/main.c.o
 .debug_loc     0x000000000000cb6f      0x212 _build/nrf52840_xxaa/system_nrf52840.c.o
 .debug_loc     0x000000000000cd81     0x161f _build/nrf52840_xxaa/nrf_esb.c.o

.debug_ranges   0x0000000000000000     0x38b0
 .debug_ranges  0x0000000000000000       0x28 _build/nrf52840_xxaa/nrf_log_backend_serial.c.o
 .debug_ranges  0x0000000000000028      0x110 _build/nrf52840_xxaa/nrf_log_backend_uart.c.o
 .debug_ranges  0x0000000000000138       0x10 _build/nrf52840_xxaa/nrf_log_default_backends.c.o
 .debug_ranges  0x0000000000000148      0x818 _build/nrf52840_xxaa/nrf_log_frontend.c.o
 .debug_ranges  0x0000000000000960       0xa0 _build/nrf52840_xxaa/nrf_log_str_formatter.c.o
 .debug_ranges  0x0000000000000a00      0x6f8 _build/nrf52840_xxaa/boards.c.o
 .debug_ranges  0x00000000000010f8       0x18 _build/nrf52840_xxaa/app_error.c.o
 .debug_ranges  0x0000000000001110       0x28 _build/nrf52840_xxaa/app_error_weak.c.o
 .debug_ranges  0x0000000000001138       0x38 _build/nrf52840_xxaa/app_util_platform.c.o
 .debug_ranges  0x0000000000001170      0x228 _build/nrf52840_xxaa/nrf_atomic.c.o
 .debug_ranges  0x0000000000001398       0x48 _build/nrf52840_xxaa/nrf_balloc.c.o
 .debug_ranges  0x00000000000013e0       0x18 _build/nrf52840_xxaa/nrf_fprintf.c.o
 .debug_ranges  0x00000000000013f8      0x3b8 _build/nrf52840_xxaa/nrf_fprintf_format.c.o
 .debug_ranges  0x00000000000017b0       0xb8 _build/nrf52840_xxaa/nrf_memobj.c.o
 .debug_ranges  0x0000000000001868       0x40 _build/nrf52840_xxaa/nrf_ringbuf.c.o
 .debug_ranges  0x00000000000018a8       0x20 _build/nrf52840_xxaa/nrf_drv_uart.c.o
 .debug_ranges  0x00000000000018c8       0x38 _build/nrf52840_xxaa/nrfx_prs.c.o
 .debug_ranges  0x0000000000001900      0x618 _build/nrf52840_xxaa/nrfx_uart.c.o
 .debug_ranges  0x0000000000001f18      0x580 _build/nrf52840_xxaa/nrfx_uarte.c.o
 .debug_ranges  0x0000000000002498      0x6a0 _build/nrf52840_xxaa/main.c.o
 .debug_ranges  0x0000000000002b38      0x140 _build/nrf52840_xxaa/system_nrf52840.c.o
 .debug_ranges  0x0000000000002c78      0xc38 _build/nrf52840_xxaa/nrf_esb.c.o

.debug_macro    0x0000000000000000     0x7bf0
 .debug_macro   0x0000000000000000      0x375 _build/nrf52840_xxaa/nrf_log_backend_serial.c.o
 .debug_macro   0x0000000000000375       0x16 _build/nrf52840_xxaa/nrf_log_backend_serial.c.o
 .debug_macro   0x000000000000038b       0x22 _build/nrf52840_xxaa/nrf_log_backend_serial.c.o
 .debug_macro   0x00000000000003ad       0x1c _build/nrf52840_xxaa/nrf_log_backend_serial.c.o
 .debug_macro   0x00000000000003c9       0x10 _build/nrf52840_xxaa/nrf_log_backend_serial.c.o
 .debug_macro   0x00000000000003d9       0xbe _build/nrf52840_xxaa/nrf_log_backend_serial.c.o
 .debug_macro   0x0000000000000497       0x16 _build/nrf52840_xxaa/nrf_log_backend_serial.c.o
 .debug_macro   0x00000000000004ad      0x129 _build/nrf52840_xxaa/nrf_log_backend_serial.c.o
 .debug_macro   0x00000000000005d6       0x49 _build/nrf52840_xxaa/nrf_log_backend_serial.c.o
 .debug_macro   0x000000000000061f       0x8c _build/nrf52840_xxaa/nrf_log_backend_serial.c.o
 .debug_macro   0x00000000000006ab       0x31 _build/nrf52840_xxaa/nrf_log_backend_serial.c.o
 .debug_macro   0x00000000000006dc       0x55 _build/nrf52840_xxaa/nrf_log_backend_serial.c.o
 .debug_macro   0x0000000000000731       0x98 _build/nrf52840_xxaa/nrf_log_backend_serial.c.o
 .debug_macro   0x00000000000007c9       0x10 _build/nrf52840_xxaa/nrf_log_backend_serial.c.o
 .debug_macro   0x00000000000007d9       0x1d _build/nrf52840_xxaa/nrf_log_backend_serial.c.o
 .debug_macro   0x00000000000007f6       0x2e _build/nrf52840_xxaa/nrf_log_backend_serial.c.o
 .debug_macro   0x0000000000000824       0x1c _build/nrf52840_xxaa/nrf_log_backend_serial.c.o
 .debug_macro   0x0000000000000840      0x185 _build/nrf52840_xxaa/nrf_log_backend_serial.c.o
 .debug_macro   0x00000000000009c5      0x466 _build/nrf52840_xxaa/nrf_log_backend_uart.c.o
 .debug_macro   0x0000000000000e2b      0x462 _build/nrf52840_xxaa/nrf_log_backend_uart.c.o
 .debug_macro   0x000000000000128d       0x59 _build/nrf52840_xxaa/nrf_log_backend_uart.c.o
 .debug_macro   0x00000000000012e6      0x145 _build/nrf52840_xxaa/nrf_log_backend_uart.c.o
 .debug_macro   0x000000000000142b      0x14e _build/nrf52840_xxaa/nrf_log_backend_uart.c.o
 .debug_macro   0x0000000000001579       0x5a _build/nrf52840_xxaa/nrf_log_backend_uart.c.o
 .debug_macro   0x00000000000015d3       0x1d _build/nrf52840_xxaa/nrf_log_backend_uart.c.o
 .debug_macro   0x00000000000015f0       0xac _build/nrf52840_xxaa/nrf_log_backend_uart.c.o
 .debug_macro   0x000000000000169c       0x3a _build/nrf52840_xxaa/nrf_log_backend_uart.c.o
 .debug_macro   0x00000000000016d6       0x1c _build/nrf52840_xxaa/nrf_log_backend_uart.c.o
 .debug_macro   0x00000000000016f2       0x1c _build/nrf52840_xxaa/nrf_log_backend_uart.c.o
 .debug_macro   0x000000000000170e       0x20 _build/nrf52840_xxaa/nrf_log_backend_uart.c.o
 .debug_macro   0x000000000000172e       0x10 _build/nrf52840_xxaa/nrf_log_backend_uart.c.o
 .debug_macro   0x000000000000173e       0x10 _build/nrf52840_xxaa/nrf_log_backend_uart.c.o
 .debug_macro   0x000000000000174e       0x10 _build/nrf52840_xxaa/nrf_log_backend_uart.c.o
 .debug_macro   0x000000000000175e       0x10 _build/nrf52840_xxaa/nrf_log_backend_uart.c.o
 .debug_macro   0x000000000000176e       0x10 _build/nrf52840_xxaa/nrf_log_backend_uart.c.o
 .debug_macro   0x000000000000177e       0x3f _build/nrf52840_xxaa/nrf_log_backend_uart.c.o
 .debug_macro   0x00000000000017bd      0x366 _build/nrf52840_xxaa/nrf_log_default_backends.c.o
 .debug_macro   0x0000000000001b23       0x10 _build/nrf52840_xxaa/nrf_log_default_backends.c.o
 .debug_macro   0x0000000000001b33      0x3e7 _build/nrf52840_xxaa/nrf_log_frontend.c.o
 .debug_macro   0x0000000000001f1a       0x16 _build/nrf52840_xxaa/nrf_log_frontend.c.o
 .debug_macro   0x0000000000001f30       0x9a _build/nrf52840_xxaa/nrf_log_frontend.c.o
 .debug_macro   0x0000000000001fca       0x9e _build/nrf52840_xxaa/nrf_log_frontend.c.o
 .debug_macro   0x0000000000002068      0x3b7 _build/nrf52840_xxaa/nrf_log_str_formatter.c.o
 .debug_macro   0x000000000000241f       0xa2 _build/nrf52840_xxaa/nrf_log_str_formatter.c.o
 .debug_macro   0x00000000000024c1      0x356 _build/nrf52840_xxaa/boards.c.o
 .debug_macro   0x0000000000002817       0xfb _build/nrf52840_xxaa/boards.c.o
 .debug_macro   0x0000000000002912       0x40 _build/nrf52840_xxaa/boards.c.o
 .debug_macro   0x0000000000002952       0x3f _build/nrf52840_xxaa/boards.c.o
 .debug_macro   0x0000000000002991       0x16 _build/nrf52840_xxaa/boards.c.o
 .debug_macro   0x00000000000029a7       0x19 _build/nrf52840_xxaa/boards.c.o
 .debug_macro   0x00000000000029c0       0x35 _build/nrf52840_xxaa/boards.c.o
 .debug_macro   0x00000000000029f5       0x7b _build/nrf52840_xxaa/boards.c.o
 .debug_macro   0x0000000000002a70       0x1c _build/nrf52840_xxaa/boards.c.o
 .debug_macro   0x0000000000002a8c       0xb8 _build/nrf52840_xxaa/boards.c.o
 .debug_macro   0x0000000000002b44      0x16d _build/nrf52840_xxaa/boards.c.o
 .debug_macro   0x0000000000002cb1      0x21d _build/nrf52840_xxaa/app_error.c.o
 .debug_macro   0x0000000000002ece       0x97 _build/nrf52840_xxaa/app_error.c.o
 .debug_macro   0x0000000000002f65       0xf6 _build/nrf52840_xxaa/app_error.c.o
 .debug_macro   0x000000000000305b      0x365 _build/nrf52840_xxaa/app_error_weak.c.o
 .debug_macro   0x00000000000033c0       0x16 _build/nrf52840_xxaa/app_error_weak.c.o
 .debug_macro   0x00000000000033d6       0x92 _build/nrf52840_xxaa/app_error_weak.c.o
 .debug_macro   0x0000000000003468      0x239 _build/nrf52840_xxaa/app_util_platform.c.o
 .debug_macro   0x00000000000036a1      0x230 _build/nrf52840_xxaa/nrf_atomic.c.o
 .debug_macro   0x00000000000038d1       0x42 _build/nrf52840_xxaa/nrf_atomic.c.o
 .debug_macro   0x0000000000003913      0x32a _build/nrf52840_xxaa/nrf_balloc.c.o
 .debug_macro   0x0000000000003c3d       0x10 _build/nrf52840_xxaa/nrf_balloc.c.o
 .debug_macro   0x0000000000003c4d      0x23c _build/nrf52840_xxaa/nrf_fprintf.c.o
 .debug_macro   0x0000000000003e89       0x58 _build/nrf52840_xxaa/nrf_fprintf.c.o
 .debug_macro   0x0000000000003ee1      0x2ae _build/nrf52840_xxaa/nrf_fprintf_format.c.o
 .debug_macro   0x000000000000418f      0x30d _build/nrf52840_xxaa/nrf_memobj.c.o
 .debug_macro   0x000000000000449c      0x10e _build/nrf52840_xxaa/nrf_memobj.c.o
 .debug_macro   0x00000000000045aa       0x86 _build/nrf52840_xxaa/nrf_memobj.c.o
 .debug_macro   0x0000000000004630       0x5b _build/nrf52840_xxaa/nrf_memobj.c.o
 .debug_macro   0x000000000000468b      0x2bc _build/nrf52840_xxaa/nrf_ringbuf.c.o
 .debug_macro   0x0000000000004947      0x375 _build/nrf52840_xxaa/nrf_drv_uart.c.o
 .debug_macro   0x0000000000004cbc      0x3e2 _build/nrf52840_xxaa/nrfx_prs.c.o
 .debug_macro   0x000000000000509e       0x28 _build/nrf52840_xxaa/nrfx_prs.c.o
 .debug_macro   0x00000000000050c6       0x1c _build/nrf52840_xxaa/nrfx_prs.c.o
 .debug_macro   0x00000000000050e2       0x37 _build/nrf52840_xxaa/nrfx_prs.c.o
 .debug_macro   0x0000000000005119      0x17f _build/nrf52840_xxaa/nrfx_prs.c.o
 .debug_macro   0x0000000000005298       0x42 _build/nrf52840_xxaa/nrfx_prs.c.o
 .debug_macro   0x00000000000052da      0x3fd _build/nrf52840_xxaa/nrfx_uart.c.o
 .debug_macro   0x00000000000056d7       0x22 _build/nrf52840_xxaa/nrfx_uart.c.o
 .debug_macro   0x00000000000056f9      0x41b _build/nrf52840_xxaa/nrfx_uarte.c.o
 .debug_macro   0x0000000000005b14      0x476 _build/nrf52840_xxaa/main.c.o
 .debug_macro   0x0000000000005f8a       0x45 _build/nrf52840_xxaa/main.c.o
 .debug_macro   0x0000000000005fcf       0x10 _build/nrf52840_xxaa/main.c.o
 .debug_macro   0x0000000000005fdf       0xc4 _build/nrf52840_xxaa/main.c.o
 .debug_macro   0x00000000000060a3       0x16 _build/nrf52840_xxaa/main.c.o
 .debug_macro   0x00000000000060b9       0x10 _build/nrf52840_xxaa/main.c.o
 .debug_macro   0x00000000000060c9      0x158 _build/nrf52840_xxaa/system_nrf52840.c.o
 .debug_macro   0x0000000000006221      0x44e _build/nrf52840_xxaa/system_nrf52840.c.o
 .debug_macro   0x000000000000666f      0xa28 _build/nrf52840_xxaa/system_nrf52840.c.o
 .debug_macro   0x0000000000007097      0x520 _build/nrf52840_xxaa/system_nrf52840.c.o
 .debug_macro   0x00000000000075b7      0x164 _build/nrf52840_xxaa/system_nrf52840.c.o
 .debug_macro   0x000000000000771b       0x10 _build/nrf52840_xxaa/system_nrf52840.c.o
 .debug_macro   0x000000000000772b      0x407 _build/nrf52840_xxaa/nrf_esb.c.o
 .debug_macro   0x0000000000007b32       0xbe _build/nrf52840_xxaa/nrf_esb.c.o

.debug_frame    0x0000000000000000     0x13f8
 .debug_frame   0x0000000000000000       0x40 _build/nrf52840_xxaa/nrf_log_backend_serial.c.o
 .debug_frame   0x0000000000000040       0xb0 _build/nrf52840_xxaa/nrf_log_backend_uart.c.o
 .debug_frame   0x00000000000000f0       0x28 _build/nrf52840_xxaa/nrf_log_default_backends.c.o
 .debug_frame   0x0000000000000118      0x2d0 _build/nrf52840_xxaa/nrf_log_frontend.c.o
 .debug_frame   0x00000000000003e8       0xac _build/nrf52840_xxaa/nrf_log_str_formatter.c.o
 .debug_frame   0x0000000000000494       0xdc _build/nrf52840_xxaa/boards.c.o
 .debug_frame   0x0000000000000570       0x4c _build/nrf52840_xxaa/app_error.c.o
 .debug_frame   0x00000000000005bc       0x28 _build/nrf52840_xxaa/app_error_weak.c.o
 .debug_frame   0x00000000000005e4       0x70 _build/nrf52840_xxaa/app_util_platform.c.o
 .debug_frame   0x0000000000000654      0x148 _build/nrf52840_xxaa/nrf_atomic.c.o
 .debug_frame   0x000000000000079c       0x6c _build/nrf52840_xxaa/nrf_balloc.c.o
 .debug_frame   0x0000000000000808       0x5c _build/nrf52840_xxaa/nrf_fprintf.c.o
 .debug_frame   0x0000000000000864       0xa8 _build/nrf52840_xxaa/nrf_fprintf_format.c.o
 .debug_frame   0x000000000000090c       0xe8 _build/nrf52840_xxaa/nrf_memobj.c.o
 .debug_frame   0x00000000000009f4       0xd8 _build/nrf52840_xxaa/nrf_ringbuf.c.o
 .debug_frame   0x0000000000000acc       0x7c _build/nrf52840_xxaa/nrf_drv_uart.c.o
 .debug_frame   0x0000000000000b48       0x4c _build/nrf52840_xxaa/nrfx_prs.c.o
 .debug_frame   0x0000000000000b94      0x180 _build/nrf52840_xxaa/nrfx_uart.c.o
 .debug_frame   0x0000000000000d14      0x188 _build/nrf52840_xxaa/nrfx_uarte.c.o
 .debug_frame   0x0000000000000e9c       0x98 _build/nrf52840_xxaa/main.c.o
 .debug_frame   0x0000000000000f34       0x5c _build/nrf52840_xxaa/system_nrf52840.c.o
 .debug_frame   0x0000000000000f90      0x3ac _build/nrf52840_xxaa/nrf_esb.c.o
 .debug_frame   0x000000000000133c       0x28 /Applications/ARM/bin/../lib/gcc/arm-none-eabi/10.3.1/../../../../arm-none-eabi/lib/thumb/v7e-m+fp/hard/libc_nano.a(lib_a-exit.o)
 .debug_frame   0x0000000000001364       0x2c /Applications/ARM/bin/../lib/gcc/arm-none-eabi/10.3.1/../../../../arm-none-eabi/lib/thumb/v7e-m+fp/hard/libc_nano.a(lib_a-init.o)
 .debug_frame   0x0000000000001390       0x28 /Applications/ARM/bin/../lib/gcc/arm-none-eabi/10.3.1/../../../../arm-none-eabi/lib/thumb/v7e-m+fp/hard/libc_nano.a(lib_a-memcpy-stub.o)
 .debug_frame   0x00000000000013b8       0x20 /Applications/ARM/bin/../lib/gcc/arm-none-eabi/10.3.1/../../../../arm-none-eabi/lib/thumb/v7e-m+fp/hard/libc_nano.a(lib_a-memset.o)
 .debug_frame   0x00000000000013d8       0x20 /Applications/ARM/bin/../lib/gcc/arm-none-eabi/10.3.1/../../../../arm-none-eabi/lib/thumb/v7e-m+fp/hard/libnosys.a(_exit.o)
